[themes.pixelwars.org/bookcard/index.html]
[backblue.gif]
[fade.gif]
[index.html]
[themes.pixelwars.org/bookcard/images/ico/favicon.ico]
[themes.pixelwars.org/bookcard/images/ico/apple-touch-icon.png]
[themes.pixelwars.org/bookcard/js/modernizr.js]
[themes.pixelwars.org/bookcard/css/print.css]
[themes.pixelwars.org/bookcard/css/normalize.css]
[themes.pixelwars.org/bookcard/css/bootstrap.min.css]
[themes.pixelwars.org/bookcard/css/animate.css]
[themes.pixelwars.org/bookcard/css/book.css]
[themes.pixelwars.org/bookcard/css/font-awesome.css]
[themes.pixelwars.org/bookcard/css/jquery.fancybox-1.3.4.css]
[themes.pixelwars.org/bookcard/css/main.css]
[themes.pixelwars.org/bookcard/css/skins/cover/standart.css]
[themes.pixelwars.org/bookcard/css/skins/base/clean.css]
[themes.pixelwars.org/bookcard/css/skins/paper-bg/cream-dust.css]
[themes.pixelwars.org/bookcard/css/skins/body-bg/wood.css]
[themes.pixelwars.org/bookcard/images/site/cover.jpg]
[themes.pixelwars.org/bookcard/blog.html]
[themes.pixelwars.org/bookcard/blog-single.html]
[themes.pixelwars.org/bookcard/images/site/testo-01.jpg]
[themes.pixelwars.org/bookcard/images/site/testo-02.jpg]
[themes.pixelwars.org/bookcard/images/site/testo-03.jpg]
[themes.pixelwars.org/bookcard/images/portfolio/01.jpg]
[themes.pixelwars.org/bookcard/portfolio-item-01.html]
[themes.pixelwars.org/bookcard/images/portfolio/03.jpg]
[themes.pixelwars.org/bookcard/portfolio-item-02.html]
[themes.pixelwars.org/bookcard/images/portfolio/07.jpg]
[themes.pixelwars.org/bookcard/images/portfolio/06.jpg]
[themes.pixelwars.org/bookcard/images/portfolio/lightbox-01.jpg]
[themes.pixelwars.org/bookcard/images/portfolio/05.jpg]
[themes.pixelwars.org/bookcard/images/portfolio/02.jpg]
[themes.pixelwars.org/bookcard/images/portfolio/lightbox-02.jpg]
[themes.pixelwars.org/bookcard/images/portfolio/lightbox-04.jpg]
[themes.pixelwars.org/bookcard/images/portfolio/lightbox-03.jpg]
[themes.pixelwars.org/bookcard/images/portfolio/10.jpg]
[themes.pixelwars.org/bookcard/images/portfolio/16.jpg]
[themes.pixelwars.org/bookcard/portfolio-item-03.html]
[themes.pixelwars.org/bookcard/images/portfolio/14.jpg]
[themes.pixelwars.org/bookcard/images/portfolio/15.jpg]
[themes.pixelwars.org/bookcard/images/portfolio/11.jpg]
[themes.pixelwars.org/bookcard/images/site/cover-2.jpg]
[themes.pixelwars.org/bookcard/images/site/stamp-image.png]
[themes.pixelwars.org/bookcard/images/bckg/loader_light.gif]
[ajax.googleapis.com/ajax/libs/jquery/1.8.3/jquery.min.js]
[themes.pixelwars.org/bookcard/js/jquery.address-1.5.min.js]
[themes.pixelwars.org/bookcard/js/antiscroll.js]
[themes.pixelwars.org/bookcard/js/jquery.fittext.js]
[themes.pixelwars.org/bookcard/js/jquery.imagesloaded.min.js]
[themes.pixelwars.org/bookcard/js/jquery.fitvids.js]
[themes.pixelwars.org/bookcard/js/jquery.isotope.min.js]
[themes.pixelwars.org/bookcard/js/jquery-1.8.3.min.js]
[themes.pixelwars.org/bookcard/js/jquery.validate.min.js]
[themes.pixelwars.org/bookcard/js/send-mail.js]
[themes.pixelwars.org/bookcard/js/jquery.fancybox-1.3.4.pack.js]
[themes.pixelwars.org/bookcard/js/twitterFetcher_v10_min.js]
[themes.pixelwars.org/bookcard/skin-select/skin-select.css]
[themes.pixelwars.org/bookcard/js/main.js]
[themes.pixelwars.org/bookcard/skin-select/jquery.cookie.js]
[themes.pixelwars.org/bookcard/skin-select/skin-select.js]
[themes.pixelwars.org/bookcard/css/skins/cover/modern.css]
[themes.pixelwars.org/bookcard/css/skins/cover/deep.css]
[themes.pixelwars.org/bookcard/css/skins/cover/retro.css]
[themes.pixelwars.org/bookcard/css/skins/cover/fancy.css]
[themes.pixelwars.org/bookcard/css/skins/cover/future.css]
[themes.pixelwars.org/bookcard/css/skins/cover/neon.css]
[themes.pixelwars.org/bookcard/css/skins/cover/fire.css]
[themes.pixelwars.org/bookcard/css/skins/base/retro.css]
[themes.pixelwars.org/bookcard/css/skins/base/retro3d.css]
[themes.pixelwars.org/bookcard/css/skins/base/modern.css]
[themes.pixelwars.org/bookcard/css/skins/paper-bg/paper.css]
[themes.pixelwars.org/bookcard/css/skins/paper-bg/grid.css]
[themes.pixelwars.org/bookcard/css/skins/paper-bg/blizzard.css]
[themes.pixelwars.org/bookcard/css/skins/paper-bg/groovepaper.css]
[themes.pixelwars.org/bookcard/css/skins/paper-bg/lined-paper.css]
[themes.pixelwars.org/bookcard/css/skins/paper-bg/light-paper-fibers.css]
[themes.pixelwars.org/bookcard/css/skins/paper-bg/hand-made-paper.css]
[themes.pixelwars.org/bookcard/css/skins/paper-bg/project-paper.css]
[themes.pixelwars.org/bookcard/css/skins/paper-bg/rice-paper.css]
[themes.pixelwars.org/bookcard/css/skins/body-bg/stone.css]
[themes.pixelwars.org/bookcard/css/skins/body-bg/grunge-wall.css]
[themes.pixelwars.org/bookcard/css/skins/body-bg/watercolor.css]
[themes.pixelwars.org/bookcard/css/skins/body-bg/concrete.css]
[themes.pixelwars.org/bookcard/css/skins/body-bg/concrete-2.css]
[themes.pixelwars.org/bookcard/css/skins/body-bg/stone-blocks.css]
[themes.pixelwars.org/bookcard/css/skins/body-bg/bricks.css]
[themes.pixelwars.org/bookcard/css/skins/body-bg/bricks-light.css]
[themes.pixelwars.org/bookcard/css/skins/body-bg/bricks-2.css]
[themes.pixelwars.org/bookcard/css/skins/body-bg/bricks-4.css]
[themes.pixelwars.org/bookcard/css/skins/body-bg/bricks-3.css]
[themes.pixelwars.org/bookcard/css/skins/body-bg/tiles.css]
[themes.pixelwars.org/bookcard/css/skins/body-bg/clouds.css]
[themes.pixelwars.org/bookcard/css/skins/body-bg/clouds-2.css]
[themes.pixelwars.org/bookcard/css/skins/body-bg/leather.css]
[themes.pixelwars.org/bookcard/css/skins/body-bg/wood-2.css]
[themes.pixelwars.org/bookcard/css/skins/body-bg/wood-3.css]
[themes.pixelwars.org/bookcard/css/skins/body-bg/wood-4.css]
[themes.pixelwars.org/bookcard/css/skins/body-bg/shattered.css]
[themes.pixelwars.org/bookcard/css/skins/body-bg/noisy-net.css]
[themes.pixelwars.org/bookcard/css/skins/body-bg/grunge-wall-dark.css]
[themes.pixelwars.org/bookcard/css/skins/body-bg/linen.css]
[themes.pixelwars.org/bookcard/css/skins/body-bg/woven.css]
[themes.pixelwars.org/bookcard/css/skins/body-bg/mosaic.css]
[themes.pixelwars.org/bookcard/css/skins/body-bg/carbon.css]
[themes.pixelwars.org/bookcard/css/skins/body-bg/metal-holes.css]
[themes.pixelwars.org/bookcard/index.html]
[themes.pixelwars.org/bookcard/css/print.css]
[themes.pixelwars.org/bookcard/css/normalize.css]
[themes.pixelwars.org/bookcard/css/bootstrap.min.css]
[themes.pixelwars.org/bookcard/css/animate.css]
[themes.pixelwars.org/bookcard/css/book.css]
[themes.pixelwars.org/bookcard/css/skins/body-bg/ground.css]
[themes.pixelwars.org/bookcard/css/fonts/FontAwesome/fontawesome-webfont3294.eot]
[themes.pixelwars.org/bookcard/css/fonts/FontAwesome/fontawesome-webfontd41d.eot]
[themes.pixelwars.org/bookcard/css/fonts/FontAwesome/fontawesome-webfont3294.woff]
[themes.pixelwars.org/bookcard/css/fonts/FontAwesome/fontawesome-webfont3294.ttf]
[themes.pixelwars.org/bookcard/css/font-awesome.css]
[themes.pixelwars.org/bookcard/images/bckg/loader_dark.gif]
[themes.pixelwars.org/bookcard/images/bckg/loader_dark@2x.gif]
[themes.pixelwars.org/bookcard/css/jquery.fancybox-1.3.4.css]
[themes.pixelwars.org/bookcard/images/bckg/letter-lines.png]
[themes.pixelwars.org/bookcard/images/bckg/stamp.png]
[themes.pixelwars.org/bookcard/images/bckg/stamp-mask.png]
[themes.pixelwars.org/bookcard/css/fonts/justvector/justvector-webfont.eot]
[themes.pixelwars.org/bookcard/css/fonts/justvector/justvector-webfont.woff]
[themes.pixelwars.org/bookcard/css/fonts/justvector/justvector-webfontd41d.eot]
[themes.pixelwars.org/bookcard/css/fonts/justvector/justvector-webfont.ttf]
[themes.pixelwars.org/bookcard/css/main.css]
[themes.pixelwars.org/bookcard/css/skins/cover/standart.css]
[themes.pixelwars.org/bookcard/css/skins/base/clean.css]
[themes.pixelwars.org/bookcard/images/bckg/paper-bg/cream_dust.png]
[themes.pixelwars.org/bookcard/images/bckg/paper-bg/cream_dust_@2X.png]
[themes.pixelwars.org/bookcard/css/skins/paper-bg/cream-dust.css]
[themes.pixelwars.org/bookcard/images/bckg/body-bg/wood.png]
[themes.pixelwars.org/bookcard/css/skins/body-bg/wood.css]
[themes.pixelwars.org/bookcard/css/style.css]
[themes.pixelwars.org/bookcard/images/blog/01.jpg]
[themes.pixelwars.org/bookcard/index-2.html]
[themes.pixelwars.org/bookcard/blog-single-with-sidebar.html]
[themes.pixelwars.org/bookcard/images/blog/02.jpg]
[themes.pixelwars.org/bookcard/images/blog/03.jpg]
[themes.pixelwars.org/bookcard/blog-single-audio-embed.html]
[themes.pixelwars.org/bookcard/images/blog/p2.jpg]
[themes.pixelwars.org/bookcard/images/blog/p1.jpg]
[themes.pixelwars.org/bookcard/images/blog/p3.jpg]
[themes.pixelwars.org/bookcard/images/blog/p4.jpg]
[themes.pixelwars.org/bookcard/images/blog/banner.jpg]
[themes.pixelwars.org/bookcard/blog.html]
[connect.facebook.net/en_US/sdk.js]
[themes.pixelwars.org/bookcard/images/blog/04.jpg]
[themes.pixelwars.org/bookcard/images/site/author-1.jpg]
[themes.pixelwars.org/bookcard/blog-single.html]
[themes.pixelwars.org/bookcard/images/portfolio/single/single-02.jpg]
[themes.pixelwars.org/bookcard/images/portfolio/single/single-05.jpg]
[themes.pixelwars.org/bookcard/portfolio-item-01.html]
[themes.pixelwars.org/bookcard/images/portfolio/single/single-04.jpg]
[themes.pixelwars.org/bookcard/images/portfolio/single/single-03.jpg]
[themes.pixelwars.org/bookcard/portfolio-item-02.html]
[themes.pixelwars.org/bookcard/images/portfolio/single/single-01.jpg]
[themes.pixelwars.org/bookcard/portfolio-item-03.html]
[themes.pixelwars.org/bookcard/skin-select/img/style-toggle.png]
[themes.pixelwars.org/bookcard/skin-select/skin-select.css]
[themes.pixelwars.org/bookcard/css/skins/cover/modern.css]
[themes.pixelwars.org/bookcard/css/skins/cover/deep.css]
[themes.pixelwars.org/bookcard/css/skins/cover/retro.css]
[themes.pixelwars.org/bookcard/css/skins/cover/fancy.css]
[themes.pixelwars.org/bookcard/css/skins/cover/future.css]
[themes.pixelwars.org/bookcard/css/skins/cover/neon.css]
[themes.pixelwars.org/bookcard/css/skins/cover/fire.css]
[themes.pixelwars.org/bookcard/css/skins/base/retro.css]
[themes.pixelwars.org/bookcard/css/skins/base/retro3d.css]
[themes.pixelwars.org/bookcard/css/skins/base/modern.css]
[themes.pixelwars.org/bookcard/images/bckg/paper-bg/paper.png]
[themes.pixelwars.org/bookcard/images/bckg/paper-bg/paper_@2X.png]
[themes.pixelwars.org/bookcard/css/skins/paper-bg/paper.css]
[themes.pixelwars.org/bookcard/images/bckg/paper-bg/tiny_grid.png]
[themes.pixelwars.org/bookcard/images/bckg/paper-bg/tiny_grid_@2X.png]
[themes.pixelwars.org/bookcard/css/skins/paper-bg/grid.css]
[themes.pixelwars.org/bookcard/images/bckg/paper-bg/blizzard.png]
[themes.pixelwars.org/bookcard/images/bckg/paper-bg/blizzard_@2X.png]
[themes.pixelwars.org/bookcard/css/skins/paper-bg/blizzard.css]
[themes.pixelwars.org/bookcard/images/bckg/paper-bg/groovepaper.png]
[themes.pixelwars.org/bookcard/images/bckg/paper-bg/groovepaper_@2X.png]
[themes.pixelwars.org/bookcard/css/skins/paper-bg/groovepaper.css]
[themes.pixelwars.org/bookcard/images/bckg/paper-bg/linedpaper.png]
[themes.pixelwars.org/bookcard/images/bckg/paper-bg/linedpaper_@2x.png]
[themes.pixelwars.org/bookcard/css/skins/paper-bg/lined-paper.css]
[themes.pixelwars.org/bookcard/images/bckg/paper-bg/lightpaperfibers.png]
[themes.pixelwars.org/bookcard/images/bckg/paper-bg/lightpaperfibers_@2X.png]
[themes.pixelwars.org/bookcard/css/skins/paper-bg/light-paper-fibers.css]
[themes.pixelwars.org/bookcard/images/bckg/paper-bg/handmadepaper.png]
[themes.pixelwars.org/bookcard/images/bckg/paper-bg/handmadepaper_@2X.png]
[themes.pixelwars.org/bookcard/css/skins/paper-bg/hand-made-paper.css]
[themes.pixelwars.org/bookcard/images/bckg/paper-bg/project_papper.png]
[themes.pixelwars.org/bookcard/images/bckg/paper-bg/project_papper_@2X.png]
[themes.pixelwars.org/bookcard/css/skins/paper-bg/project-paper.css]
[themes.pixelwars.org/bookcard/images/bckg/paper-bg/ricepaper.png]
[themes.pixelwars.org/bookcard/images/bckg/paper-bg/ricepaper_@2X.png]
[themes.pixelwars.org/bookcard/css/skins/paper-bg/rice-paper.css]
[themes.pixelwars.org/bookcard/images/bckg/body-bg/stone.jpg]
[themes.pixelwars.org/bookcard/css/skins/body-bg/stone.css]
[themes.pixelwars.org/bookcard/images/bckg/body-bg/grunge_wall.png]
[themes.pixelwars.org/bookcard/css/skins/body-bg/grunge-wall.css]
[themes.pixelwars.org/bookcard/images/bckg/body-bg/watercolor.jpg]
[themes.pixelwars.org/bookcard/css/skins/body-bg/watercolor.css]
[themes.pixelwars.org/bookcard/images/bckg/body-bg/concrete.jpg]
[themes.pixelwars.org/bookcard/css/skins/body-bg/concrete.css]
[themes.pixelwars.org/bookcard/images/bckg/body-bg/concrete-2.png]
[themes.pixelwars.org/bookcard/css/skins/body-bg/concrete-2.css]
[themes.pixelwars.org/bookcard/images/bckg/body-bg/stone-blocks.jpg]
[themes.pixelwars.org/bookcard/css/skins/body-bg/stone-blocks.css]
[themes.pixelwars.org/bookcard/images/bckg/body-bg/bricks.jpg]
[themes.pixelwars.org/bookcard/css/skins/body-bg/bricks.css]
[themes.pixelwars.org/bookcard/images/bckg/body-bg/bricks-light.jpg]
[themes.pixelwars.org/bookcard/css/skins/body-bg/bricks-light.css]
[themes.pixelwars.org/bookcard/images/bckg/body-bg/bricks-2.jpg]
[themes.pixelwars.org/bookcard/css/skins/body-bg/bricks-2.css]
[themes.pixelwars.org/bookcard/images/bckg/body-bg/bricks-3.jpg]
[themes.pixelwars.org/bookcard/css/skins/body-bg/bricks-3.css]
[themes.pixelwars.org/bookcard/images/bckg/body-bg/bricks-4.jpg]
[themes.pixelwars.org/bookcard/css/skins/body-bg/bricks-4.css]
[themes.pixelwars.org/bookcard/images/bckg/body-bg/tiles.jpg]
[themes.pixelwars.org/bookcard/css/skins/body-bg/tiles.css]
[themes.pixelwars.org/bookcard/images/bckg/body-bg/clouds.jpg]
[themes.pixelwars.org/bookcard/css/skins/body-bg/clouds.css]
[themes.pixelwars.org/bookcard/images/bckg/body-bg/clouds-2.jpg]
[themes.pixelwars.org/bookcard/css/skins/body-bg/clouds-2.css]
[themes.pixelwars.org/bookcard/images/bckg/body-bg/leather.png]
[themes.pixelwars.org/bookcard/css/skins/body-bg/leather.css]
[themes.pixelwars.org/bookcard/images/bckg/body-bg/wood-2.jpg]
[themes.pixelwars.org/bookcard/css/skins/body-bg/wood-2.css]
[themes.pixelwars.org/bookcard/images/bckg/body-bg/wood-3.png]
[themes.pixelwars.org/bookcard/css/skins/body-bg/wood-3.css]
[themes.pixelwars.org/bookcard/images/bckg/body-bg/wood-4.jpg]
[themes.pixelwars.org/bookcard/css/skins/body-bg/wood-4.css]
[themes.pixelwars.org/bookcard/images/bckg/body-bg/shattered.png]
[themes.pixelwars.org/bookcard/css/skins/body-bg/shattered.css]
[themes.pixelwars.org/bookcard/images/bckg/body-bg/noisy-net.png]
[themes.pixelwars.org/bookcard/css/skins/body-bg/noisy-net.css]
[themes.pixelwars.org/bookcard/images/bckg/body-bg/grunge-wall-dark.png]
[themes.pixelwars.org/bookcard/css/skins/body-bg/grunge-wall-dark.css]
[themes.pixelwars.org/bookcard/images/bckg/body-bg/linen.png]
[themes.pixelwars.org/bookcard/css/skins/body-bg/linen.css]
[themes.pixelwars.org/bookcard/images/bckg/body-bg/woven.png]
[themes.pixelwars.org/bookcard/css/skins/body-bg/woven.css]
[themes.pixelwars.org/bookcard/images/bckg/body-bg/mosaic.png]
[themes.pixelwars.org/bookcard/css/skins/body-bg/mosaic.css]
[themes.pixelwars.org/bookcard/images/bckg/body-bg/carbon.png]
[themes.pixelwars.org/bookcard/css/skins/body-bg/carbon.css]
[themes.pixelwars.org/bookcard/images/bckg/body-bg/metal-holes.jpg]
[themes.pixelwars.org/bookcard/css/skins/body-bg/metal-holes.css]
[themes.pixelwars.org/bookcard/images/bckg/body-bg/ground.jpg]
[themes.pixelwars.org/bookcard/css/skins/body-bg/ground.css]
[themes.pixelwars.org/bookcard/css/fonts/justvector/justvector-webfont.svg]
[themes.pixelwars.org/bookcard/css/style.css]
[themes.pixelwars.org/bookcard/index-2.html]
[themes.pixelwars.org/bookcard/blog-single-with-sidebar.html]
[themes.pixelwars.org/bookcard/blog-single-audio-embed.html]
[connect.facebook.net/en_US/sdk.js]
[themes.pixelwars.org/bookcard/ABCDEFGHIJKLMNOPQRSTUVWXYZabcdefghijklmnopqrstuvwxyz0123456789+/index.html]
[themes.pixelwars.org/bookcard/images/bckg/body-bg/ground.html]
[themes.pixelwars.org/bookcard/ABCDEFGHIJKLMNOPQRSTUVWXYZabcdefghijklmnopqrstuvwxyz0123456789+/index.html]
